
> frontend@0.0.0 build
> tsc -b && vite build

[36mvite v8.0.3 [32mbuilding client environment for production...[36m[39m
[2K
transforming...Γ£ô 23 modules transformed.
rendering chunks...
computing gzip size...
dist/index.html                   0.45 kB Γöé gzip:  0.29 kB
dist/assets/index-DnXB7Xra.css   29.78 kB Γöé gzip:  6.33 kB
dist/assets/index-BMQAfnoj.js   208.68 kB Γöé gzip: 65.00 kB

[32mΓ£ô built in 962ms[39m
